[web.archive.org/web/20150503010613/https_/www.youtube.com/index.html]
[web-static.archive.org/_static/js/bundle-playback8833.js]
[web-static.archive.org/_static/js/wombat9b8c.js]
[web-static.archive.org/_static/js/jwplayer/jwplayere5ef.js]
[web-static.archive.org/_static/js/bundle-video532a.js]
[backblue.gif]
[fade.gif]
[index.html]
[web.archive.org/web/20150503010717js_/https_/s.ytimg.com/yts/jsbin/www-scheduler-vflT6_K1f/www-scheduler.js]
[web.archive.org/web/20150503010753cs_/https_/s.ytimg.com/yts/cssbin/www-core-vfliEZ7Yy.css]
[web.archive.org/web/20150503010729cs_/https_/s.ytimg.com/yts/cssbin/www-home-c4-vflXuIsS5.css]
[web.archive.org/web/20150503010740cs_/https_/s.ytimg.com/yts/cssbin/www-pageframe-vflqOUV0G.css]
[web.archive.org/web/20150503010749cs_/https_/s.ytimg.com/yts/cssbin/www-guide-vfl4YoIVT.css]
[web.archive.org/web/20150503010809im_/https_/s.ytimg.com/yts/img/favicon_32-vfl8NGn4k.png]
[web.archive.org/web/20150503010735im_/https_/s.ytimg.com/yts/img/favicon_48-vfl1s0rGh.png]
[web.archive.org/web/20150503010704im_/https_/s.ytimg.com/yts/img/favicon_96-vfldSA3ca.png]
[web.archive.org/web/20150503010708im_/https_/s.ytimg.com/yts/img/favicon_144-vflWmzoXw.png]
[web.archive.org/web/20150503010658im_/https_/s.ytimg.com/yts/img/pixel-vfl3z5WfW.gif]
[web.archive.org/web/20150503010802im_/https_/i.ytimg.com/vi/pzXL-KM2UqU/hqdefault.jpg]
[web.archive.org/web/20150503010731im_/https_/i.ytimg.com/vi/GJoDRUybisw/mqdefault.jpg]
[web.archive.org/web/20150503011024im_/https_/i.ytimg.com/vi/7uM6A3xbFyI/mqdefault.jpg]
[web.archive.org/web/20150503010953im_/https_/i.ytimg.com/vi/QYIAVQnWvnM/mqdefault.jpg]
[web.archive.org/web/20150503010730im_/https_/yt3.ggpht.com/-GF4rIaIgUgk/AAAAAAAAAAI/AAAAAAAAAAA/5LOFYiDJssU/s88-c-k-no/photo.jpg]
[web.archive.org/web/20150503010705im_/https_/i.ytimg.com/vi/Z7dLU6fk9QY/mqdefault.jpg]
[web.archive.org/web/20150503011017im_/https_/i.ytimg.com/vi/__9-VgvZYWM/mqdefault.jpg]
[web.archive.org/web/20150503010903im_/https_/i.ytimg.com/vi/M0H0SmR5kfU/mqdefault.jpg]
[web.archive.org/web/20150503010708im_/https_/yt3.ggpht.com/-rJq9gk1QIis/AAAAAAAAAAI/AAAAAAAAAAA/Kx4wkvKOfxY/s88-c-k-no/photo.png]
[web.archive.org/web/20150503010847im_/https_/i.ytimg.com/vi/3D7JXQeNrj0/mqdefault.jpg]
[web.archive.org/web/20150503010725im_/https_/i.ytimg.com/vi/goz1GBjGIK0/mqdefault.jpg]
[web.archive.org/web/20150503011036im_/https_/i.ytimg.com/vi/Ib-gygD19pQ/mqdefault.jpg]
[web.archive.org/web/20150503010814im_/https_/i.ytimg.com/vi/Fm112ERjB_o/mqdefault.jpg]
[web.archive.org/web/20150503010832im_/https_/i.ytimg.com/vi/6kRWRbbu7-g/mqdefault.jpg]
[web.archive.org/web/20150503010713im_/https_/i.ytimg.com/vi/fHn2NVJsIMg/mqdefault.jpg]
[web.archive.org/web/20150503010712im_/https_/yt3.ggpht.com/-v6eCPmcXSxY/AAAAAAAAAAI/AAAAAAAAAAA/HfWJOUDHff0/s88-c-k-no/photo.png]
[web.archive.org/web/20150503010858im_/https_/i.ytimg.com/vi/otCpCn0l4Wo/mqdefault.jpg]
[web.archive.org/web/20150503010718im_/https_/i.ytimg.com/vi/F57P9C4SAW4/mqdefault.jpg]
[web.archive.org/web/20150503011028im_/https_/i.ytimg.com/vi/JmcA9LIIXWw/mqdefault.jpg]
[web.archive.org/web/20150503010913im_/https_/i.ytimg.com/vi/gJLIiF15wjQ/mqdefault.jpg]
[web.archive.org/web/20150503011005im_/https_/i.ytimg.com/vi/yCC_b5WHLX0/mqdefault.jpg]
[web.archive.org/web/20150503010824im_/https_/i.ytimg.com/vi/1lyu1KKwC74/mqdefault.jpg]
[web.archive.org/web/20150503010709im_/https_/i.ytimg.com/i/-9-kyTW8ZkZNDHQJ6FgpwQ/1.png]
[web.archive.org/web/20150503010737im_/https_/i.ytimg.com/vi/09R8_2nJtjg/mqdefault.jpg]
[web.archive.org/web/20150503011011im_/https_/i.ytimg.com/vi/e-ORhEE9VVg/mqdefault.jpg]
[web.archive.org/web/20150503010747im_/https_/i.ytimg.com/vi/AJtDXIazrMo/mqdefault.jpg]
[web.archive.org/web/20150503010700im_/https_/i.ytimg.com/vi/OPf0YbXqDm0/mqdefault.jpg]
[web.archive.org/web/20150503010741im_/https_/i.ytimg.com/vi/aPxVSCfoYnU/mqdefault.jpg]
[web.archive.org/web/20150503010751im_/https_/i.ytimg.com/vi/KWZGAExj-es/mqdefault.jpg]
[web.archive.org/web/20150503010718im_/https_/yt3.ggpht.com/-Sxo3Mp6e4Bg/AAAAAAAAAAI/AAAAAAAAAAA/vL4onTqTcjU/s88-c-k-no/photo.jpg]
[web.archive.org/web/20150503010723im_/https_/yt3.ggpht.com/-rt3CHrjtobI/AAAAAAAAAAI/AAAAAAAAAAA/Bcmdk1F2-kY/s88-c-k-no/photo.jpg]
[web.archive.org/web/20150503010959im_/https_/i.ytimg.com/i/F0pVplsI8R5kcAqgtoRqoA/1.png]
[web.archive.org/web/20150503010613/https_/www.youtube.com/_https_/accounts.google.com/ServiceLoginbf74]
[web.archive.org/web/20150503010613/https_/www.youtube.com/index.html]
[web-static.archive.org/_static/css/banner-styles52e6.css]
[web-static.archive.org/_static/css/iconochive8307.css]
[web.archive.org/web/20150503010951im_/https_/s.ytimg.com/yts/imgbin/www-hitchhiker-vflPjHMvQ.png]
[web.archive.org/web/20150503010753cs_/https_/s.ytimg.com/yts/cssbin/www-core-vfliEZ7Yy.css]
[web.archive.org/web/20150503010729cs_/https_/s.ytimg.com/yts/cssbin/www-home-c4-vflXuIsS5.css]
[web.archive.org/web/20150503010740cs_/https_/s.ytimg.com/yts/cssbin/www-pageframe-vflqOUV0G.css]
[web.archive.org/web/20150503010749cs_/https_/s.ytimg.com/yts/cssbin/www-guide-vfl4YoIVT.css]
[web.archive.org/web/20150503010613/https_/www.youtube.com/yt/about/index.html]
[web.archive.org/web/20150503010613/https_/www.youtube.com/yt/press/index.html]
[web.archive.org/web/20150503010613/https_/www.youtube.com/yt/copyright/index.html]
[web.archive.org/web/20150503010613/https_/www.youtube.com/yt/creators/index.html]
[web.archive.org/web/20150503010613/https_/www.youtube.com/yt/advertise/index.html]
[web.archive.org/web/20150503010613/https_/www.youtube.com/yt/dev/index.html]
[web.archive.org/web/20150503010613/https_/www.youtube.com/yt/policyandsafety/index.html]
[web.archive.org/web/20150503010613/https_/www.youtube.com/_https_/accounts.google.com/ServiceLoginbf74.html]
[web.archive.org/web/20150503010613js_/https_/s.ytimg.com/yts/jsbin/spf-vfl1afiVE/spf.js]
[web.archive.org/web/20150503010613js_/https_/s.ytimg.com/yts/jsbin/www-en_US-vflVDejtq/base.js]
[web-static.archive.org/_static/css/record.css]
